../Core/Src/main.cpp:83:5:int main()	408	static
../Core/Src/main.cpp:165:6:void SystemClock_Config()	96	static
../Core/Src/main.cpp:213:13:void MX_CAN_Init()	8	static
../Core/Src/main.cpp:250:13:void MX_SPI1_Init()	8	static
../Core/Src/main.cpp:290:13:void MX_TIM1_Init()	96	static
../Core/Src/main.cpp:360:13:void MX_TIM2_Init()	48	static
../Core/Src/main.cpp:421:13:void MX_TIM3_Init()	48	static
../Core/Src/main.cpp:482:13:void MX_TIM15_Init()	96	static
../Core/Src/main.cpp:552:13:void MX_USART1_UART_Init()	8	static
../Core/Src/main.cpp:585:13:void MX_DMA_Init()	16	static
../Core/Src/main.cpp:603:13:void MX_GPIO_Init()	40	static
../Core/Src/main.cpp:632:6:void Error_Handler()	4	static,ignoring_inline_asm
