../Core/Src/main.cpp:84:5:int main()	408	static
../Core/Src/main.cpp:166:6:void SystemClock_Config()	96	static
../Core/Src/main.cpp:214:13:void MX_CAN_Init()	8	static
../Core/Src/main.cpp:251:13:void MX_SPI1_Init()	8	static
../Core/Src/main.cpp:291:13:void MX_TIM1_Init()	96	static
../Core/Src/main.cpp:361:13:void MX_TIM2_Init()	48	static
../Core/Src/main.cpp:422:13:void MX_TIM3_Init()	48	static
../Core/Src/main.cpp:483:13:void MX_TIM15_Init()	96	static
../Core/Src/main.cpp:553:13:void MX_USART1_UART_Init()	8	static
../Core/Src/main.cpp:586:13:void MX_DMA_Init()	16	static
../Core/Src/main.cpp:607:13:void MX_GPIO_Init()	40	static
../Core/Src/main.cpp:636:6:void Error_Handler()	4	static,ignoring_inline_asm
